HI-TECH Software C Compiler 

Linker command line:

--edf=C:\Program Files (x86)\HI-TECH Software\PICC\9.80\dat\en_msgs.txt -cs \
  -h+Tester.sym -z -Q16F877A -ol.obj -MTester.map -E1 -ACONST=00h-0FFhx32 \
  -ACODE=00h-07FFhx4 -ASTRCODE=00h-01FFFh -AENTRY=00h-0FFhx32 \
  -ASTRING=00h-0FFhx32 -ABANK0=020h-06Fh -ABANK1=0A0h-0EFh \
  -ABANK2=0110h-016Fh -ABANK3=0190h-01EFh \
  -ARAM=020h-06Fh,0A0h-0EFh,0110h-016Fh,0190h-01EFh \
  -AABS1=020h-07Fh,0A0h-0EFh,0110h-016Fh,0190h-01EFh -ACOMMON=070h-07Fh \
  -ASFR0=00h-01Fh -ASFR1=080h-09Fh -ASFR2=0100h-010Fh -ASFR3=0180h-018Fh \
  -preset_vec=00h,intentry=04h,init,end_init -ppowerup=CODE -pfunctab=CODE \
  -ACONFIG=02007h-02007h -pconfig=CONFIG -DCONFIG=2 -AIDLOC=02000h-02003h \
  -pidloc=IDLOC -DIDLOC=2 -AEEDATA=00h-0FFh/02100h -peeprom_data=EEDATA \
  -DEEDATA=2 -DCODE=2 -DSTRCODE=2 -DSTRING=2 -DCONST=2 -DENTRY=2 -k \
  C:\Users\Igor\AppData\Local\Temp\s2t4.obj Tester.obj 

Object code version is 3.10

Machine type is 16F877A



                Name                               Link     Load   Length Selector   Space Scale
C:\Users\Igor\AppData\Local\Temp\s2t4.obj
                end_init                             12       12        3        8       0
                reset_vec                             0        0        3        0       0
Tester.obj      intentry                              4        4        E        8       0
                config                             2007     2007        1     400E       0
                text265                             2DB      2DB       27       5C       0
                text264                             231      231       2C       5C       0
                text263                             302      302       25       5C       0
                text262                             1A0      1A0       65       5C       0
                text261                             288      288       2A       5C       0
                text260                             25D      25D       2B       5C       0
                text259                             205      205       2C       5C       0
                text258                             327      327       13       5C       0
                text257                             2B2      2B2       29       5C       0
                maintext                             2E       2E      172       5C       0
                cstackBANK0                          20       20       17       20       1
                cstackCOMMON                         70       70        D       70       1
                cinit                               33A      33A        4       5C       0
                strings                              15       15       19       2A       0

TOTAL           Name                               Link     Load   Length     Space
        CLASS   CONST          

        CLASS   CODE           
                end_init                             12       12        3         0
                intentry                              4        4        E         0
                reset_vec                             0        0        3         0
                text265                             2DB      2DB       27         0
                text264                             231      231       2C         0
                text263                             302      302       25         0
                text262                             1A0      1A0       65         0
                text261                             288      288       2A         0
                text260                             25D      25D       2B         0
                text259                             205      205       2C         0
                text258                             327      327       13         0
                text257                             2B2      2B2       29         0
                maintext                             2E       2E      172         0
                cinit                               33A      33A        4         0

        CLASS   STRCODE        

        CLASS   ENTRY          

        CLASS   STRING         
                strings                              15       15       19         0

        CLASS   BANK0          
                cstackBANK0                          20       20       17         1

        CLASS   BANK1          

        CLASS   BANK2          

        CLASS   BANK3          

        CLASS   RAM            

        CLASS   ABS1           
                abs_s1                               7E       7E        2         1

        CLASS   COMMON         
                cstackCOMMON                         70       70        D         1

        CLASS   SFR0           

        CLASS   SFR1           

        CLASS   SFR2           

        CLASS   SFR3           

        CLASS   CONFIG         
                config                             2007     2007        1         0

        CLASS   IDLOC          

        CLASS   EEDATA         



SEGMENTS        Name                           Load    Length   Top    Selector   Space  Class     Delta

                reset_vec                      000000  000003  000003         0       0  CODE        2
                intentry                       000004  000011  000015         8       0  CODE        2
                cstackBANK0                    000020  000017  000037        20       1  BANK0       1
                strings                        000015  000019  00002E        2A       0  STRING      2
                maintext                       00002E  000310  00033E        5C       0  CODE        2
                cstackCOMMON                   000070  00000D  00007D        70       1  COMMON      1
                config                         002007  000001  002008      400E       0  CONFIG      2


UNUSED ADDRESS RANGES

        Name                Unused          Largest block    Delta
        BANK0            0037-006F             39           1
        BANK1            00A0-00EF             50           1
        BANK2            0110-016F             60           1
        BANK3            0190-01EF             60           1
        CODE             0003-0003              1           2
                         033E-1FFF            800
        COMMON           007D-007D              1           1
        CONST            0003-0003              1           2
                         033E-1FFF            100
        EEDATA           2100-21FF            100           2
        ENTRY            0003-0003              1           2
                         033E-1FFF            100
        IDLOC            2000-2003              4           2
        RAM              0037-006F             39           1
                         00A0-00EF             50
                         0110-016F             60
                         0190-01EF             60
        SFR0             0000-001F             20           1
        SFR1             0080-009F             20           1
        SFR2             0100-010F             10           1
        SFR3             0180-018F             10           1
        STRCODE          0003-0003              1           2
                         033E-1FFF           1CC2
        STRING           0003-0003              1           2
                         033E-1FFF            100

                                  Symbol Table

??_handle_serial_input        cstackBANK0  0020
??_init                       cstackBANK0  0025
??_main                       cstackBANK0  0032
??_print_text                 cstackBANK0  002E
??_send_4                     cstackBANK0  002C
??_send_8                     cstackBANK0  002C
??_simple_delay               cstackBANK0  0027
??i1_print_text               cstackCOMMON 0079
??i1_send_4                   cstackCOMMON 0077
??i1_simple_delay             cstackCOMMON 0072
?_handle_serial_input         cstackCOMMON 0070
?_init                        cstackCOMMON 0070
?_main                        cstackCOMMON 0070
?_print_text                  cstackCOMMON 0070
?_send_4                      cstackCOMMON 0070
?_send_8                      cstackCOMMON 0070
?_simple_delay                cstackBANK0  0025
?i1_print_text                cstackCOMMON 0070
?i1_send_4                    cstackCOMMON 0070
?i1_simple_delay              cstackCOMMON 0070
_ADCON1                       (abs)        009F
_BRGH                         (abs)        04C2
_CREN                         (abs)        00C4
_FERR                         (abs)        00C2
_GIE                          (abs)        005F
_OERR                         (abs)        00C1
_PEIE                         (abs)        005E
_PORTA                        (abs)        0005
_PORTB                        (abs)        0006
_PORTC                        (abs)        0007
_PORTD                        (abs)        0008
_RA0                          (abs)        0028
_RCIE                         (abs)        0465
_RCIF                         (abs)        0065
_RCREG                        (abs)        001A
_RD5                          (abs)        0045
_RX9                          (abs)        00C6
_SPBRG                        (abs)        0099
_SPEN                         (abs)        00C7
_SYNC                         (abs)        04C4
_TRISA                        (abs)        0085
_TRISB                        (abs)        0086
_TRISC                        (abs)        0087
_TRISD                        (abs)        0088
_TX9                          (abs)        04C6
_TXEN                         (abs)        04C5
_TXIE                         (abs)        0464
_TXREG                        (abs)        0019
__Habs1                       abs1         0000
__Hbank0                      bank0        0000
__Hbank1                      bank1        0000
__Hbank2                      bank2        0000
__Hbank3                      bank3        0000
__Hcinit                      cinit        0000
__Hclrtext                    clrtext      0000
__Hcode                       code         0000
__Hcommon                     common       0000
__Hconfig                     config       2008
__HcstackBANK0                cstackBANK0  0000
__HcstackCOMMON               cstackCOMMON 0000
__Heeprom_data                eeprom_data  0000
__Hend_init                   end_init     0015
__Hfunctab                    functab      0000
__Hidloc                      idloc        0000
__Hinit                       init         0012
__Hintentry                   intentry     0012
__Hmaintext                   maintext     0000
__Hpowerup                    powerup      0000
__Hram                        ram          0000
__Hreset_vec                  reset_vec    0003
__Hsfr0                       sfr0         0000
__Hsfr1                       sfr1         0000
__Hsfr2                       sfr2         0000
__Hsfr3                       sfr3         0000
__Hstrings                    strings      0000
__Htext                       text         0000
__Labs1                       abs1         0000
__Lbank0                      bank0        0000
__Lbank1                      bank1        0000
__Lbank2                      bank2        0000
__Lbank3                      bank3        0000
__Lcinit                      cinit        0000
__Lclrtext                    clrtext      0000
__Lcode                       code         0000
__Lcommon                     common       0000
__Lconfig                     config       2007
__LcstackBANK0                cstackBANK0  0000
__LcstackCOMMON               cstackCOMMON 0000
__Leeprom_data                eeprom_data  0000
__Lend_init                   end_init     0012
__Lfunctab                    functab      0000
__Lidloc                      idloc        0000
__Linit                       init         0012
__Lintentry                   intentry     0004
__Lmaintext                   maintext     0000
__Lpowerup                    powerup      0000
__Lram                        ram          0000
__Lreset_vec                  reset_vec    0000
__Lsfr0                       sfr0         0000
__Lsfr1                       sfr1         0000
__Lsfr2                       sfr2         0000
__Lsfr3                       sfr3         0000
__Lstrings                    strings      0000
__Ltext                       text         0000
__S0                          (abs)        2008
__S1                          (abs)        007D
__S2                          (abs)        0000
__end_of_handle_serial_input  text262      0205
__end_of_init                 text261      02B2
__end_of_main                 maintext     01A0
__end_of_print_text           text257      02DB
__end_of_send_4               text259      0231
__end_of_send_8               text258      033A
__end_of_simple_delay         text260      0288
__end_ofi1_print_text         text263      0327
__end_ofi1_send_4             text264      025D
__end_ofi1_simple_delay       text265      0302
__pcstackBANK0                cstackBANK0  0020
__pcstackCOMMON               cstackCOMMON 0070
__pintentry                   intentry     0004
__pmaintext                   maintext     002E
__pstrings                    strings      0015
__ptext256                    text256      0000
__ptext257                    text257      02B2
__ptext258                    text258      0327
__ptext259                    text259      0205
__ptext260                    text260      025D
__ptext261                    text261      0288
__ptext262                    text262      01A0
__ptext263                    text263      0302
__ptext264                    text264      0231
__ptext265                    text265      02DB
__ptext266                    text266      0000
__size_of_handle_serial_input (abs)        0000
__size_of_init                (abs)        0000
__size_of_main                (abs)        0000
__size_of_print_text          (abs)        0000
__size_of_send_4              (abs)        0000
__size_of_send_8              (abs)        0000
__size_of_simple_delay        (abs)        0000
__size_ofi1_print_text        (abs)        0000
__size_ofi1_send_4            (abs)        0000
__size_ofi1_simple_delay      (abs)        0000
_exit                         init         0012
_handle_serial_input          text262      01A0
_init                         text261      0288
_main                         maintext     002E
_print_text                   text257      02B2
_send_4                       text259      0205
_send_8                       text258      0327
_simple_delay                 text260      025D
btemp                         (abs)        007E
end_of_initialization         cinit        033A
i1_print_text                 text263      0302
i1_send_4                     text264      0231
i1_simple_delay               text265      02DB
i1print_text@c                cstackCOMMON 007B
i1print_text@i                cstackCOMMON 007C
i1print_text@text             cstackCOMMON 007A
i1send_4@value                cstackCOMMON 0078
i1simple_delay@i              cstackCOMMON 0075
i1simple_delay@value          cstackCOMMON 0070
interrupt_function            intentry     0004
intlevel0                     functab      0000
intlevel1                     functab      0000
intlevel2                     functab      0000
intlevel3                     functab      0000
intlevel4                     functab      0000
intlevel5                     functab      0000
main@i                        cstackBANK0  0034
main@value                    cstackBANK0  0036
print_text@c                  cstackBANK0  0030
print_text@i                  cstackBANK0  0031
print_text@text               cstackBANK0  002F
reset_vec                     reset_vec    0000
saved_w                       (abs)        007E
send_4@value                  cstackBANK0  002D
send_8@value                  cstackBANK0  002C
simple_delay@i                cstackBANK0  002A
simple_delay@value            cstackBANK0  0025
start                         init         0012
start_initialization          cinit        033A
wtemp0                        (abs)        007E
